\BOOKMARK [0][]{chapter.1}{\376\377\173\054\116\000\172\340\000\040\124\175\230\230\220\073\217\221}{}% 1
\BOOKMARK [1][]{section.1.1}{\376\377\0001\000.\0001\000\040\124\175\230\230}{chapter.1}% 2
\BOOKMARK [1][]{section.1.2}{\376\377\0001\000.\0002\000\040\147\204\220\040\211\304\122\031}{chapter.1}% 3
\BOOKMARK [1][]{section.1.3}{\376\377\0001\000.\0003\000\040\120\107\212\000\124\175\230\230}{chapter.1}% 4
\BOOKMARK [1][]{section.1.4}{\376\377\0001\000.\0004\000\040\120\107\212\000\143\250\164\006}{chapter.1}% 5
\BOOKMARK [1][]{section.1.5}{\376\377\0001\000.\0005\000\040\123\315\213\301\154\325}{chapter.1}% 6
\BOOKMARK [1][]{section.1.6}{\376\377\0001\000.\0006\000\040\172\340\147\053\116\140\230\230}{chapter.1}% 7
\BOOKMARK [1][]{section.1.7}{\376\377\0001\000.\0007\000\040\176\374\124\010\230\230}{chapter.1}% 8
\BOOKMARK [1][]{section.1.8}{\376\377\0001\000.\0008\000\040\116\140\230\230\123\302\200\003\173\124\150\110}{chapter.1}% 9
\BOOKMARK [0][]{chapter.2}{\376\377\173\054\116\214\172\340\000\040\226\306\124\010}{}% 10
\BOOKMARK [1][]{section.2.1}{\376\377\0002\000.\0001\000\040\226\306\124\010\116\016\122\027\116\076\154\325}{chapter.2}% 11
\BOOKMARK [1][]{section.2.2}{\376\377\0002\000.\0002\000\040\133\120\226\306\116\016\136\102\226\306}{chapter.2}% 12
\BOOKMARK [1][]{section.2.3}{\376\377\0002\000.\0003\000\040\147\141\116\366\116\016\143\317\217\360\154\325}{chapter.2}% 13
\BOOKMARK [1][]{section.2.4}{\376\377\0002\000.\0004\000\040\135\356\226\306}{chapter.2}% 14
\BOOKMARK [1][]{section.2.5}{\376\377\0002\000.\0005\000\040\221\317\213\315}{chapter.2}% 15
\BOOKMARK [1][]{section.2.6}{\376\377\0002\000.\0006\000\040\145\160\133\146\137\122\176\263\154\325}{chapter.2}% 16
\BOOKMARK [1][]{section.2.7}{\376\377\0002\000.\0007\000\040\121\105\122\006\147\141\116\366\116\016\137\305\211\201\147\141\116\366}{chapter.2}% 17
\BOOKMARK [1][]{section.2.8}{\376\377\0002\000.\0008\000\040\136\166\226\306}{chapter.2}% 18
\BOOKMARK [1][]{section.2.9}{\376\377\0002\000.\0009\000\040\116\244\226\306}{chapter.2}% 19
\BOOKMARK [1][]{section.2.10}{\376\377\0002\000.\0001\0000\000\040\172\340\147\053\116\140\230\230}{chapter.2}% 20
\BOOKMARK [1][]{section.2.11}{\376\377\0002\000.\0001\0001\000\040\176\374\124\010\230\230}{chapter.2}% 21
\BOOKMARK [1][]{section.2.12}{\376\377\0002\000.\0001\0002\000\040\116\140\230\230\123\302\200\003\173\124\150\110}{chapter.2}% 22
\BOOKMARK [0][]{chapter.3}{\376\377\173\054\116\011\172\340\000\040\133\371\136\224\116\016\146\040\134\004}{}% 23
\BOOKMARK [1][]{section.3.1}{\376\377\0003\000.\0001\000\040\133\371\136\224\116\016\220\006\133\371\136\224}{chapter.3}% 24
\BOOKMARK [1][]{section.3.2}{\376\377\0003\000.\0002\000\040\133\371\136\224\166\204\210\150\171\072}{chapter.3}% 25
\BOOKMARK [1][]{section.3.3}{\376\377\0003\000.\0003\000\040\120\317\116\016\123\237\120\317}{chapter.3}% 26
\BOOKMARK [1][]{section.3.4}{\376\377\0003\000.\0004\000\040\133\371\136\224\166\204\131\015\124\010}{chapter.3}% 27
\BOOKMARK [1][]{section.3.5}{\376\377\0003\000.\0005\000\040\156\341\133\371\136\224\116\016\131\032\120\074\146\040\134\004}{chapter.3}% 28
\BOOKMARK [1][]{section.3.6}{\376\377\0003\000.\0006\000\040\121\375\145\160\116\016\123\125\133\371\136\224}{chapter.3}% 29
\BOOKMARK [1][]{section.3.7}{\376\377\0003\000.\0007\000\040\146\040\134\004\116\016\123\314\134\004}{chapter.3}% 30
\BOOKMARK [1][]{section.3.8}{\376\377\0003\000.\0008\000\040\226\306\124\010\145\317\166\204\166\364\171\357\116\016\220\011\142\351\121\154\164\006}{chapter.3}% 31
\BOOKMARK [1][]{section.3.9}{\376\377\0003\000.\0009\000\040\226\120\122\066\116\016\136\366\142\323}{chapter.3}% 32
\BOOKMARK [1][]{section.3.10}{\376\377\0003\000.\0001\0000\000\040\116\214\121\103\121\163\174\373\116\016\173\111\116\367\121\163\174\373}{chapter.3}% 33
\BOOKMARK [1][]{section.3.11}{\376\377\0003\000.\0001\0001\000\040\172\340\147\053\116\140\230\230}{chapter.3}% 34
\BOOKMARK [1][]{section.3.12}{\376\377\0003\000.\0001\0002\000\040\176\374\124\010\230\230\000:\000\040\147\011\226\120\226\306\124\010\116\113\225\364\133\371\136\224\116\016\146\040\134\004\166\204\213\241\145\160}{chapter.3}% 35
\BOOKMARK [1][]{section.3.13}{\376\377\0003\000.\0001\0003\000\040\116\140\230\230\123\302\200\003\173\124\150\110}{chapter.3}% 36
\BOOKMARK [0][]{chapter.4}{\376\377\173\054\126\333\172\340\000\040\116\343\145\160\176\323\147\204}{}% 37
\BOOKMARK [1][]{section.4.1}{\376\377\0004\000.\0001\000\040\116\214\121\103\217\320\173\227\116\016\123\112\177\244}{chapter.4}% 38
\BOOKMARK [1][]{section.4.2}{\376\377\0004\000.\0002\000\040\123\125\117\115\121\103\060\001\123\357\220\006\121\103\116\016\177\244}{chapter.4}% 39
\BOOKMARK [1][]{section.4.3}{\376\377\0004\000.\0003\000\040\123\112\177\244\060\001\136\172\123\112\177\244\116\016\177\244\166\204\124\014\140\001}{chapter.4}% 40
\BOOKMARK [1][]{section.4.4}{\376\377\0004\000.\0004\000\040\133\120\177\244\060\001\137\252\163\257\177\244\116\016\121\103\175\040\166\204\226\066}{chapter.4}% 41
\BOOKMARK [1][]{section.4.5}{\376\377\0004\000.\0005\000\040\177\244\117\134\165\050\060\001\226\152\226\306\116\016\000\040\000L\000a\000g\000r\000a\000n\000g\000e\000\040\133\232\164\006}{chapter.4}% 42
\BOOKMARK [1][]{section.4.6}{\376\377\0004\000.\0006\000\040\153\143\211\304\133\120\177\244\116\016\125\106\177\244}{chapter.4}% 43
\BOOKMARK [1][]{section.4.7}{\376\377\0004\000.\0007\000\040\166\364\171\357\116\016\147\011\226\120\116\244\143\142\177\244}{chapter.4}% 44
\BOOKMARK [1][]{section.4.8}{\376\377\0004\000.\0008\000\040\136\172\163\257\060\001\226\144\163\257\116\016\127\337}{chapter.4}% 45
\BOOKMARK [1][]{section.4.9}{\376\377\0004\000.\0009\000\040\136\172\163\257\124\014\140\001\116\016\121\170\203\003\124\014\140\001}{chapter.4}% 46
\BOOKMARK [1][]{section.4.10}{\376\377\0004\000.\0001\0000\000\040\152\041\116\016\152\041\124\014\140\001}{chapter.4}% 47
\BOOKMARK [1][]{section.4.11}{\376\377\0004\000.\0001\0001\000\040\176\277\140\047\146\040\134\004\116\016\167\351\226\065}{chapter.4}% 48
\BOOKMARK [1][]{section.4.12}{\376\377\0004\000.\0001\0002\000\040\125\106\152\041}{chapter.4}% 49
\BOOKMARK [1][]{section.4.13}{\376\377\0004\000.\0001\0003\000\040\164\006\140\363\060\001\125\106\163\257\116\016\162\171\137\201}{chapter.4}% 50
\BOOKMARK [1][]{section.4.14}{\376\377\0004\000.\0001\0004\000\040\201\352\165\061\152\041\116\016\127\372}{chapter.4}% 51
\BOOKMARK [1][]{section.4.15}{\376\377\0004\000.\0001\0005\000\040\116\343\145\160\060\001\131\032\230\171\137\017\116\016\137\142\137\017\136\102\176\247\145\160}{chapter.4}% 52
\BOOKMARK [1][]{section.4.16}{\376\377\0004\000.\0001\0006\000\040\116\073\164\006\140\363\163\257\060\001\125\057\116\000\122\006\211\343\145\164\163\257\116\016\000\040\000E\000u\000c\000l\000i\000d\000e\000a\000n\000\040\145\164\163\257}{chapter.4}% 53
\BOOKMARK [1][]{section.4.17}{\376\377\0004\000.\0001\0007\000\040\172\340\147\053\116\140\230\230}{chapter.4}% 54
\BOOKMARK [1][]{section.4.18}{\376\377\0004\000.\0001\0008\000\040\176\374\124\010\230\230\000:\000\040\147\011\226\120\177\244\060\001\000E\000u\000l\000e\000r\000\040\121\375\145\160\116\016\000\040\000M\000\366\000b\000i\000u\000s\000\040\123\315\157\024}{chapter.4}% 55
\BOOKMARK [1][]{section.4.19}{\376\377\0004\000.\0001\0009\000\040\116\140\230\230\123\302\200\003\173\124\150\110}{chapter.4}% 56
